// Jest Snapshot v1, https://goo.gl/fbAQLP

exports[`it matches snapshot 1`] = `
<button
  className="button__style"
  data-testid="button"
>
  save
</button>
`;
